// Jest Snapshot v1, https://goo.gl/fbAQLP

exports[`LibraryContainer Demonstrate testing UIitems loads correctly from static data 1`] = `
"<span class="LibraryItemText">Display</span>
<span class="LibraryItemText">Geometry</span>
<span class="LibraryItemText">ImportExport</span>
<span class="LibraryItemText">Input</span>
<span class="LibraryItemText">List</span>
<span class="LibraryItemText">Math</span>
<span class="LibraryItemText">Script</span>
<span class="LibraryItemText">String</span>
<span class="LibraryItemText">Clockwork</span>
<span class="LibraryItemText">DynamoText</span>"
`;

exports[`LibraryContainer Test UI rendering of Library Item and child components 1`] = `
<div>
  <div
    class="LibraryItemContainerNone"
  >
    <div
      class="LibraryItemHeader"
    >
      <svg
        class="ArrowIcon Right"
        fill="none"
        height="7"
        viewBox="0 0 4 8"
        width="4"
        xmlns="http://www.w3.org/2000/svg"
      >
        <g
          id="icon-wrapper"
        >
          <path
            clip-rule="evenodd"
            d="M4 4L0 7.5L0 0.5L4 4Z"
            fill="#D8D8D8"
            fill-rule="evenodd"
            id="ð  icon-color"
          />
        </g>
      </svg>
      <div
        class="LibraryItemTextWrapper"
      >
        <div
          class="TextBox"
        >
          <span
            class="LibraryItemText"
          >
            TestItem
          </span>
        </div>
      </div>
    </div>
    <div
      class="LibraryItemBodyContainer"
    >
      <div
        class="LibraryItemBodyElements "
      />
    </div>
  </div>
</div>
`;

exports[`LibraryContainer Test UI rendering of single component of Library Item 1`] = `
<div>
  <div
    class="LibraryItemContainerNone"
  >
    <div
      class="LibraryItemHeader"
    >
      <svg
        class="ArrowIcon Right"
        fill="none"
        height="7"
        viewBox="0 0 4 8"
        width="4"
        xmlns="http://www.w3.org/2000/svg"
      >
        <g
          id="icon-wrapper"
        >
          <path
            clip-rule="evenodd"
            d="M4 4L0 7.5L0 0.5L4 4Z"
            fill="#D8D8D8"
            fill-rule="evenodd"
            id="ð  icon-color"
          />
        </g>
      </svg>
      <div
        class="LibraryItemTextWrapper"
      >
        <div
          class="TextBox"
        >
          <span
            class="LibraryItemText"
          >
            TestItem
          </span>
        </div>
      </div>
    </div>
    <div
      class="LibraryItemBodyContainer"
    >
      <div
        class="LibraryItemBodyElements "
      />
    </div>
  </div>
</div>
`;
